// Jest Snapshot v1, https://goo.gl/fbAQLP

exports[`Spinner.vue renders correctly 1`] = `
<transition-stub><svg width="50px" height="50px" viewBox="0 0 50 50" class="spinner">
    <circle fill="none" stroke-width="4" stroke-="" linecap="round" cx="22" cy="22" r="20" class="path"></circle>
  </svg></transition-stub>
`;
